  Icicle.cpp
  CactusAttack.cpp
  CactusWait.cpp
  Cactus.cpp
  NormalSlimeMoveState.cpp
  NormalSlime.cpp
  Vector2I.cpp
  CameraBase.cpp
  LookAtCameraEvent.cpp
  MoveCameraEvent.cpp
  StartCameraEvent.cpp
  DisplayAutoCamera.cpp
  DisplayRemoteCamera.cpp
  FollowAutoCamera.cpp
  FollowRemoteCamera.cpp
  FollowYawCamera.cpp
  FreeCamera.cpp
  GameSpaceFollowCamera.cpp
  MultifuncCamera.cpp
  InputManager.cpp
  Application.cpp
  Vector2.cpp
  Vector3.cpp
  main.cpp
  CurrentCamera.cpp
  FontManager.cpp
  ActorBase.cpp
  AnimationController.cpp
  CollisionManager.cpp
  FPS.cpp
  Loading.cpp
  SoundManager.cpp
  CharacterBase.cpp
  ColliderBase.cpp
  MeshCollider.cpp
  ParameterLoad.cpp
  FeatureDebugMesh.cpp
  Transform.cpp
  Player.cpp
  PlayerMoveState.cpp
  GameSpaceController.cpp
  MovementRail.cpp
  SpaceChangeTrigger.cpp
  WorldSceneBase.cpp
  GameClearScene.cpp
  SceneManager.cpp
  GameOverScene.cpp
  GameScene.cpp
  SceneBase.cpp
  FadeSceneBase.cpp
  DefaultFadeScene.cpp
  TestScene.cpp
  TitleScene.cpp
  Thorn.cpp
  ThornAttack.cpp
  ThornWait.cpp
  LINK : 前回のインクリメンタル リンクで C:\Users\2416003\Desktop\アカツキ\x64\Debug\Project.exe が見つからなかったか、ビルドされませんでした。フル リンクを行います。
     ライブラリ C:\Users\2416003\Desktop\アカツキ\x64\Debug\Project.lib とオブジェクト C:\Users\2416003\Desktop\アカツキ\x64\Debug\Project.exp を作成中
  Project.vcxproj -> C:\Users\2416003\Desktop\アカツキ\x64\Debug\Project.exe
